?   	github.com/fardannozami/whatsapp-gateway/cmd/bot	[no test files]
=== RUN   TestHandleMessage_LaporCommand
--- PASS: TestHandleMessage_LaporCommand (0.00s)
=== RUN   TestHandleMessage_LaporCaseInsensitive
--- PASS: TestHandleMessage_LaporCaseInsensitive (0.00s)
=== RUN   TestHandleMessage_LaporWithTrailingText
--- PASS: TestHandleMessage_LaporWithTrailingText (0.00s)
=== RUN   TestHandleMessage_LeaderboardCommand
--- PASS: TestHandleMessage_LeaderboardCommand (0.00s)
=== RUN   TestHandleMessage_LeaderboardCaseInsensitive
--- PASS: TestHandleMessage_LeaderboardCaseInsensitive (0.00s)
=== RUN   TestHandleMessage_UnknownCommand_ReturnsEmpty
--- PASS: TestHandleMessage_UnknownCommand_ReturnsEmpty (0.00s)
=== RUN   TestHandleMessage_WhitespaceHandling
--- PASS: TestHandleMessage_WhitespaceHandling (0.00s)
=== RUN   TestHandleMessage_EmptyMessage
--- PASS: TestHandleMessage_EmptyMessage (0.00s)
=== RUN   TestHandleMessage_GamificationCommands
--- PASS: TestHandleMessage_GamificationCommands (0.00s)
=== RUN   TestStreak_FirstReport
--- PASS: TestStreak_FirstReport (0.00s)
=== RUN   TestStreak_ConsecutiveDay_StreakIncreases
--- PASS: TestStreak_ConsecutiveDay_StreakIncreases (0.00s)
=== RUN   TestStreak_MissedDay_StreakResets
--- PASS: TestStreak_MissedDay_StreakResets (0.00s)
=== RUN   TestStreak_SameDay_Rejected
--- PASS: TestStreak_SameDay_Rejected (0.00s)
=== RUN   TestStreak_LongGap_StreakResets
--- PASS: TestStreak_LongGap_StreakResets (0.00s)
=== RUN   TestLeaderboard_RanksByActivityCount
    report_activity_usecase_test.go:282: Lost streak user should have ≡ƒÆö emoji in ranking
--- FAIL: TestLeaderboard_RanksByActivityCount (0.00s)
FAIL
FAIL	github.com/fardannozami/whatsapp-gateway/internal/app/usecase	1.535s
?   	github.com/fardannozami/whatsapp-gateway/internal/config	[no test files]
=== RUN   TestGetToday
--- PASS: TestGetToday (0.00s)
PASS
ok  	github.com/fardannozami/whatsapp-gateway/internal/domain	0.738s
?   	github.com/fardannozami/whatsapp-gateway/internal/domain/phone	[no test files]
?   	github.com/fardannozami/whatsapp-gateway/internal/infra/repository	[no test files]
=== RUN   TestReportRepository_GetReport_NotFound
--- PASS: TestReportRepository_GetReport_NotFound (0.00s)
=== RUN   TestReportRepository_UpsertReport_Insert
--- PASS: TestReportRepository_UpsertReport_Insert (0.00s)
=== RUN   TestReportRepository_UpsertReport_Update
--- PASS: TestReportRepository_UpsertReport_Update (0.00s)
=== RUN   TestReportRepository_GetAllReports_Empty
--- PASS: TestReportRepository_GetAllReports_Empty (0.00s)
=== RUN   TestReportRepository_GetAllReports_OrderByActivityCount
--- PASS: TestReportRepository_GetAllReports_OrderByActivityCount (0.00s)
=== RUN   TestReportRepository_InitTable_Idempotent
--- PASS: TestReportRepository_InitTable_Idempotent (0.00s)
=== RUN   TestReportRepository_DatePersistence
--- PASS: TestReportRepository_DatePersistence (0.00s)
=== RUN   TestReportRepository_ResolveLIDToPhone_NotFound
--- PASS: TestReportRepository_ResolveLIDToPhone_NotFound (0.00s)
=== RUN   TestReportRepository_ResolveLIDToPhone_Found
--- PASS: TestReportRepository_ResolveLIDToPhone_Found (0.00s)
=== RUN   TestReportRepository_ConcurrentAccess
--- PASS: TestReportRepository_ConcurrentAccess (0.01s)
PASS
ok  	github.com/fardannozami/whatsapp-gateway/internal/infra/sqlite	(cached)
?   	github.com/fardannozami/whatsapp-gateway/internal/infra/wa	[no test files]
FAIL
